UP035 [*] Import from `collections.abc` instead: `Sequence`
 --> ledgerlock/cli.py:5:1
  |
3 | import argparse
4 | import sys
5 | from typing import Sequence
  | ^^^^^^^^^^^^^^^^^^^^^^^^^^^
help: Import from `collections.abc`
  |
4 | import sys
  - from typing import Sequence
5 + from collections.abc import Sequence
6 |
  |

I001 [*] Import block is un-sorted or un-formatted
 --> tests/test_skeleton.py:1:1
  |
1 | / from __future__ import annotations
2 | |
3 | | import os
4 | | import subprocess
5 | | import sys
6 | | import unittest
7 | | from pathlib import Path
  | |________________________^
help: Organize imports
  |
8 |
  -
9 | REPO_ROOT = Path(__file__).resolve().parent.parent
  |

PLW1510 `subprocess.run` without explicit `check` argument
  --> tests/test_skeleton.py:37:16
   |
35 | class AC_STORY_01_01_4_CLIAdvertisesAllSubcommands(unittest.TestCase):
36 |     def test_help_lists_verify_snapshot_apply_repair_tail(self) -> None:
37 |         proc = subprocess.run(
   |                ^^^^^^^^^^^^^^
38 |             [_python(), "-m", "ledgerlock", "--help"],
39 |             cwd=REPO_ROOT,
   |
help: Add explicit `check=False`

PLW1510 `subprocess.run` without explicit `check` argument
  --> tests/test_skeleton.py:62:16
   |
60 |         if not LEDGERLOCK_DIR.is_dir():
61 |             self.fail(f"missing ledgerlock package at {LEDGERLOCK_DIR}")
62 |         proc = subprocess.run(
   |                ^^^^^^^^^^^^^^
63 |             [
64 |                 "grep",
   |
help: Add explicit `check=False`

PLW1510 `subprocess.run` without explicit `check` argument
  --> tests/test_skeleton.py:85:16
   |
83 |         if not LEDGERLOCK_DIR.is_dir():
84 |             self.fail(f"missing ledgerlock package at {LEDGERLOCK_DIR}")
85 |         proc = subprocess.run(
   |                ^^^^^^^^^^^^^^
86 |             [
87 |                 "grep",
   |
help: Add explicit `check=False`

Found 5 errors.
[*] 2 fixable with the `--fix` option.
