↺ STORY-03-02: undo — incomplete run at `status.running`, cleaned up and back to pending
EPIC-01 · wave 1
  ○ STORY-01-01: already done, skipped
EPIC-01 · wave 2
  ○ STORY-01-02: already done, skipped
EPIC-01 · wave 3
  ○ STORY-01-03: already done, skipped
EPIC-01 · wave 4
  ○ STORY-01-04: already done, skipped
EPIC-01 · wave 5
  ○ STORY-01-05: already done, skipped
EPIC-01 · wave 6
  ○ STORY-01-06: already done, skipped
EPIC-02 · wave 1
  ○ STORY-02-01: already done, skipped
EPIC-02 · wave 2
  ○ STORY-02-02: already done, skipped
EPIC-03 · wave 1
  ○ STORY-03-01: already done, skipped
EPIC-03 · wave 2
STORY-03-02: DONE
  [attempt 1] gate failed
    ✅ evidence matches candidate
    ✅ guard ran
    ✅ test
    ✅ no baseline regression
    ✅ lint
    ✅ write scope
    – mockup map — story has no UI
    ✅ real tests
    ✅ criteria have tests
    ○ coverage — runner did not print coverage — add `--coverage` (vitest/c8) or `--cov` (pytest) to the test command
    ✅ TDD — no red run recorded, but the nop control proves the same thing directly — 4 criteria each showed what their obligation asks at parent SHA bd51bb1 (4 change required); 4 executed red, 0 unable to import code this story introduces
    ✅ tests verify story — 4 criteria each showed what their obligation asks at parent SHA bd51bb1 (4 change required); 4 executed red, 0 unable to import code this story introduces
    ✅ security
    ✗ review — 1 blocking items: [block] ledgerlock/ledger.py:215 — repair_tail strips a final line that parses and hash-verifies whenever the file merely lacks a trailing newline (verify() returns ok=True), silently deleting a commi
    ✅ preservation — 32 behaviours of other stories still green
  [attempt 2] gate failed
    ✅ evidence matches candidate
    ✅ guard ran
    ✅ test
    ✅ no baseline regression
    ✅ lint
    ✅ write scope
    – mockup map — story has no UI
    ✅ real tests
    ✗ criteria have tests — tests carry codes with no criterion: AC-STORY-03-02-5, AC-STORY-03-02-6 — the story has 4 criteria, so a test named after a higher code proves nothing this story declares, and every code at or below it may have shifted onto a different criterion. Re-tag the tests, or restore the criteria the codes were written for (lỗi 159).
    ○ coverage — runner did not print coverage — add `--coverage` (vitest/c8) or `--cov` (pytest) to the test command
    ✅ TDD — no red run recorded, but the nop control proves the same thing directly — 4 criteria each showed what their obligation asks at parent SHA bd51bb1 (4 change required); 4 executed red, 0 unable to import code this story introduces
    ✅ tests verify story — 4 criteria each showed what their obligation asks at parent SHA bd51bb1 (4 change required); 4 executed red, 0 unable to import code this story introduces
    ✗ security — 1 blocking items: [high] ledgerlock/ledger.py:219 — repair_tail does read-verify-write without holding self._lock while append()/_write also writes unlocked; a concurrent append interleaved between _verify_lines and wr
    ✅ review
    ✅ preservation — 32 behaviours of other stories still green
  [attempt 3] ok
EPIC-04 · wave 1
STORY-04-01: NOT DONE
  [attempt 1] gate failed
    ✅ evidence matches candidate
    ✅ guard ran
    ✅ test
    ✅ no baseline regression
    ✅ lint
    ✅ write scope
    – mockup map — story has no UI
    ✅ real tests
    ✅ criteria have tests
    ○ coverage — runner did not print coverage — add `--coverage` (vitest/c8) or `--cov` (pytest) to the test command
    ✗ TDD — tests green on first run — not proven to verify anything (tests/test_cli_exit_codes.py). Write tests first, run them through the recorded tool, see them fail, then write code — a run the harness did not record cannot prove anything.
    ✗ tests verify story — at parent SHA 96815e6: AC-STORY-04-01-2 [CHANGE_REQUIRED, FR-11] GREEN -> GREEN (parent GREEN_EXECUTED / candidate GREEN_EXECUTED), expected RED -> GREEN → PLAN_OVERLAP (PLAN): declared CHANGE_REQUIRED, but the behaviour is already there at the story's parent (green) — an upstream story or the plan already delivers it; correct the plan, do not rewrite working code [tests/test_cli_exit_codes.py::TestCliExitCodes::test_AC_STORY_04_01_2_wrong_positional_count_exits_2_silent_stdout]
    ✅ security
    ✅ review
    ✅ preservation — 9 behaviours of other stories still green
  ✗ deadlock due to plan: AC-STORY-04-01-2 [CHANGE_REQUIRED] GREEN -> GREEN → PLAN_OVERLAP: declared CHANGE_REQUIRED, but the behaviour is already there at the story's parent (green) — an upstream story or the plan already delivers it; correct the plan, do not rewrite working code. The criterion cannot be satisfied by writing code — correct the plan (its proof obligation, its owning story, or the criterion itself), then re-run.

⏸ stopped at EPIC-04 · wave 1
