↺ STORY-03-02: undo — incomplete run at `status.running`, cleaned up and back to pending
EPIC-01 · wave 1
  ○ STORY-01-01: already done, skipped
EPIC-01 · wave 2
  ○ STORY-01-02: already done, skipped
EPIC-01 · wave 3
  ○ STORY-01-03: already done, skipped
EPIC-01 · wave 4
  ○ STORY-01-04: already done, skipped
EPIC-01 · wave 5
  ○ STORY-01-05: already done, skipped
EPIC-01 · wave 6
  ○ STORY-01-06: already done, skipped
EPIC-02 · wave 1
  ○ STORY-02-01: already done, skipped
EPIC-02 · wave 2
  ○ STORY-02-02: already done, skipped
EPIC-03 · wave 1
  ○ STORY-03-01: already done, skipped
EPIC-03 · wave 2
STORY-03-02: DONE
  [attempt 1] ok
EPIC-04 · wave 1
STORY-04-01: DONE
  [attempt 1] ok
EPIC-04 · wave 2
STORY-04-02: NOT DONE
  [attempt 1] gate failed
    ✅ evidence matches candidate
    ✅ guard ran
    ✅ test
    ✅ no baseline regression
    ✅ lint
    ✅ write scope
    – mockup map — story has no UI
    ✅ real tests
    ✅ criteria have tests
    ○ coverage — runner did not print coverage — add `--coverage` (vitest/c8) or `--cov` (pytest) to the test command
    ✗ TDD — tests green on first run — not proven to verify anything (tests/test_cli_exit_codes.py). Write tests first, run them through the recorded tool, see them fail, then write code — a run the harness did not record cannot prove anything.
    ✗ tests verify story — tests verify nothing — still green without story code (parent SHA 9203f29): tests/test_cli_exit_codes.py::TestExitCodeContract::test_AC_STORY_04_02_1_wrong_positional_count_exits_2_stdout_empty, tests/test_cli_exit_codes.py::TestExitCodeContract::test_AC_STORY_04_02_6_snapshot_without_out_exits_2
    ✅ security
    ✅ review
    ✅ preservation — 15 behaviours of other stories still green
  [infra] the session wrote nothing (55 turns) — the tree is exactly as the session found it, so the gate has nothing to grade: its verdict is still current, and re-running the gate would return the block it already returned.
  [infra] the session wrote nothing (35 turns) — the tree is exactly as the session found it, so the gate has nothing to grade: its verdict is still current, and re-running the gate would return the block it already returned.
  ✗ 2 sessions in a row ran clean and wrote nothing: the session wrote nothing (35 turns) — the tree is exactly as the session found it, so the gate has nothing to grade: its verdict is still current, and re-running the gate would return the block it already returned. Re-opening with the same context returns the same decision — read the last gate verdict and fix what it asks for, or the story.

⏸ stopped at EPIC-04 · wave 2
