I001 [*] Import block is un-sorted or un-formatted
 --> ledgerlock/__init__.py:5:1
  |
5 | from ledgerlock.ledger import Ledger
  | ^^^^^^^^^^^^^^^^^^^^^^^^^^^^^^^^^^^^
help: Organize imports
  |
6 |
  -
7 | __all__ = ["ConflictError", "Ledger"]
  |

I001 [*] Import block is un-sorted or un-formatted
 --> ledgerlock/ledger.py:1:1
  |
1 | / import json
2 | | import os
3 | | from pathlib import Path
4 | |
5 | | from ledgerlock import format
6 | | from ledgerlock import store
  | |____________________________^
help: Organize imports
  |
4 |
  - from ledgerlock import format
  - from ledgerlock import store
5 + from ledgerlock import format, store
6 |
  |

I001 [*] Import block is un-sorted or un-formatted
 --> tests/test_ledger.py:1:1
  |
1 | / import json
2 | | import subprocess
3 | | import sys
4 | | import tempfile
5 | | import unittest
6 | | from pathlib import Path
7 | |
8 | | from ledgerlock import Ledger
9 | | from ledgerlock import format
  | |_____________________________^
help: Organize imports
  |
7 |
  - from ledgerlock import Ledger
  - from ledgerlock import format
8 + from ledgerlock import Ledger, format
9 |
  |

Found 3 errors.
[*] 3 fixable with the `--fix` option.
