I001 [*] Import block is un-sorted or un-formatted
 --> ledgerlock/__main__.py:1:1
  |
1 | from ledgerlock.cli import main
  | ^^^^^^^^^^^^^^^^^^^^^^^^^^^^^^^
help: Organize imports
  |
2 |
  -
3 | raise SystemExit(main())
  |

I001 [*] Import block is un-sorted or un-formatted
 --> tests/test_skeleton.py:1:1
  |
1 | / import subprocess
2 | | import sys
3 | | import unittest
4 | | from pathlib import Path
  | |________________________^
help: Organize imports
  |
5 |
  -
6 | PROJECT_ROOT = Path(__file__).resolve().parents[1]
  |

Found 2 errors.
[*] 2 fixable with the `--fix` option.
