I001 [*] Import block is un-sorted or un-formatted
 --> ledgerlock/__main__.py:1:1
  |
1 | from ledgerlock.cli import main
  | ^^^^^^^^^^^^^^^^^^^^^^^^^^^^^^^
help: Organize imports
  |
2 |
  -
3 | raise SystemExit(main())
  |

I001 [*] Import block is un-sorted or un-formatted
 --> tests/test_nfc_normalization.py:1:1
  |
1 | / import unittest
2 | | import unicodedata
  | |__________________^
help: Organize imports
  |
1 + import unicodedata
2 | import unittest
  - import unicodedata
3 |
  |

I001 [*] Import block is un-sorted or un-formatted
 --> tests/test_skeleton.py:1:1
  |
1 | / import subprocess
2 | | import sys
3 | | import unittest
4 | | from pathlib import Path
  | |________________________^
help: Organize imports
  |
5 |
  -
6 | PROJECT_ROOT = Path(__file__).resolve().parents[1]
  |

PIE810 Call `startswith` once with a `tuple`
  --> tests/test_skeleton.py:57:20
   |
55 |             for line_number, line in enumerate(path.read_text().splitlines(), start=1):
56 |                 stripped = line.strip()
57 |                 if stripped.startswith("import ") or stripped.startswith("from "):
   |                    ^^^^^^^^^^^^^^^^^^^^^^^^^^^^^^^^^^^^^^^^^^^^^^^^^^^^^^^^^^^^^^
58 |                     imported = stripped.split()[1].split(".")[0]
59 |                     if imported in forbidden_roots or stripped.split()[1] in forbidden_roots:
   |
help: Merge into a single `startswith` call

Found 4 errors.
[*] 3 fixable with the `--fix` option (1 hidden fix can be enabled with the `--unsafe-fixes` option).
