PLW1510 `subprocess.run` without explicit `check` argument
  --> tests/test_skeleton.py:73:16
   |
72 |     def test_AC_STORY_01_01_6_no_forbidden_calls_in_package(self) -> None:
73 |         proc = subprocess.run(
   |                ^^^^^^^^^^^^^^
74 |             [
75 |                 "grep",
   |
help: Add explicit `check=False`

B009 [*] Do not call `getattr` with a constant attribute value. It is not any safer than normal property access.
  --> tests/test_skeleton.py:93:18
   |
91 |         import ledgerlock
92 |
93 |         Ledger = getattr(ledgerlock, "Ledger")
   |                  ^^^^^^^^^^^^^^^^^^^^^^^^^^^^^
94 |         ConflictError = getattr(ledgerlock, "ConflictError")
95 |         self.assertTrue(callable(Ledger), msg="Ledger is not callable")
   |
help: Replace `getattr` with attribute access
   |
92 |
   -         Ledger = getattr(ledgerlock, "Ledger")
93 +         Ledger = ledgerlock.Ledger
94 |         ConflictError = getattr(ledgerlock, "ConflictError")
   |

B009 [*] Do not call `getattr` with a constant attribute value. It is not any safer than normal property access.
  --> tests/test_skeleton.py:94:25
   |
93 |         Ledger = getattr(ledgerlock, "Ledger")
94 |         ConflictError = getattr(ledgerlock, "ConflictError")
   |                         ^^^^^^^^^^^^^^^^^^^^^^^^^^^^^^^^^^^^
95 |         self.assertTrue(callable(Ledger), msg="Ledger is not callable")
96 |         self.assertIsNotNone(ConflictError)
   |
help: Replace `getattr` with attribute access
   |
93 |         Ledger = getattr(ledgerlock, "Ledger")
   -         ConflictError = getattr(ledgerlock, "ConflictError")
94 +         ConflictError = ledgerlock.ConflictError
95 |         self.assertTrue(callable(Ledger), msg="Ledger is not callable")
   |

Found 3 errors.
[*] 2 fixable with the `--fix` option.
