UP035 [*] Import from `collections.abc` instead: `Iterable`
 --> ledgerlock/store.py:5:1
  |
3 | import os
4 | import tempfile
5 | from typing import Iterable
  | ^^^^^^^^^^^^^^^^^^^^^^^^^^^
help: Import from `collections.abc`
  |
4 | import tempfile
  - from typing import Iterable
5 + from collections.abc import Iterable
6 |
  |

SIM117 Use a single `with` statement with multiple contexts instead of nested `with` statements
  --> tests/test_store.py:66:13
   |
64 |               path.write_bytes(original_bytes)
65 |               original_snapshot = path.read_bytes()
66 | /             with mock.patch.object(store.os, "replace", side_effect=RuntimeError("simulated crash")):
67 | |                 with self.assertRaises(RuntimeError):
   | |_____________________________________________________^
68 |                       store.write_atomic(str(path), [b'{"new":1}\n'])
69 |               self.assertEqual(path.read_bytes(), original_snapshot)
   |
help: Combine `with` statements

Found 2 errors.
[*] 1 fixable with the `--fix` option.
