RUF022 [*] `__all__` is not sorted
 --> ledgerlock/__init__.py:5:11
  |
3 | from ledgerlock.format import normalize_key
4 |
5 | __all__ = ["ConflictError", "Ledger", "normalize_key", "__version__"]
  |           ^^^^^^^^^^^^^^^^^^^^^^^^^^^^^^^^^^^^^^^^^^^^^^^^^^^^^^^^^^^
6 |
7 | __version__ = "0.1.0"
  |
help: Apply an isort-style sorting to `__all__`
  |
4 |
  - __all__ = ["ConflictError", "Ledger", "normalize_key", "__version__"]
5 + __all__ = ["ConflictError", "Ledger", "__version__", "normalize_key"]
6 |
  |

I001 [*] Import block is un-sorted or un-formatted
 --> ledgerlock/__main__.py:1:1
  |
1 | / from __future__ import annotations
2 | |
3 | | import sys
4 | |
5 | | from ledgerlock.cli import main
  | |_______________________________^
help: Organize imports
  |
6 |
  -
7 | if __name__ == "__main__":
  |

F401 [*] `os` imported but unused
 --> tests/test_skeleton.py:3:8
  |
1 | from __future__ import annotations
2 |
3 | import os
  |        ^^
4 | import re
5 | import subprocess
  |
help: Remove unused import: `os`
  |
2 |
  - import os
3 | import re
  |

Found 3 errors.
[*] 3 fixable with the `--fix` option.
