I001 [*] Import block is un-sorted or un-formatted
 --> ledgerlock/__main__.py:1:1
  |
1 | / import sys
2 | |
3 | | from ledgerlock.cli import main
  | |_______________________________^
help: Organize imports
  |
4 |
  -
5 | if __name__ == "__main__":
  |

I001 [*] Import block is un-sorted or un-formatted
 --> ledgerlock/cli.py:1:1
  |
1 | / import argparse
2 | | import typing
  | |_____________^
help: Organize imports
  |
3 |
  -
4 | COMMANDS = ("verify", "snapshot", "apply", "repair-tail")
  |

I001 [*] Import block is un-sorted or un-formatted
 --> tests/test_skeleton.py:1:1
  |
1 | / import pathlib
2 | | import re
3 | | import subprocess
4 | | import sys
5 | | import unittest
  | |_______________^
help: Organize imports
  |
6 |
  -
7 | ROOT = pathlib.Path(__file__).resolve().parents[1]
  |

Found 3 errors.
[*] 3 fixable with the `--fix` option.
