== aisef run --epic EPIC-01 (start 16:52:56Z) story branch 3c10587
↺ STORY-01-06: undo — incomplete run at `status.running`, cleaned up and back to pending
EPIC-01 · wave 1
  ○ STORY-01-01: already done, skipped
EPIC-01 · wave 2
  ○ STORY-01-02: already done, skipped
EPIC-01 · wave 3
  ○ STORY-01-03: already done, skipped
EPIC-01 · wave 4
  ○ STORY-01-04: already done, skipped
EPIC-01 · wave 5
  ○ STORY-01-05: already done, skipped
EPIC-01 · wave 6
STORY-01-06: DONE
  [attempt 1] ok
  cost: $1.97
  ✗ STORY-01-06: merge conflict  — this is evidence of incorrect write_scope, not something to resolve manually

⏸ stopped at EPIC-01 · wave 6 (merge): candidate changed or missing; re-verification required
cost: $1.97
exit 2 (end 17:04:11Z)
== story branch now 32d5707
