↺ STORY-03-02: undo — incomplete run at `attempt.started`, cleaned up and back to pending
EPIC-01 · wave 1
  ○ STORY-01-01: already done, skipped
EPIC-01 · wave 2
  ○ STORY-01-02: already done, skipped
EPIC-01 · wave 3
  ○ STORY-01-03: already done, skipped
EPIC-01 · wave 4
  ○ STORY-01-04: already done, skipped
EPIC-01 · wave 5
  ○ STORY-01-05: already done, skipped
EPIC-01 · wave 6
  ○ STORY-01-06: already done, skipped
EPIC-02 · wave 1
  ○ STORY-02-01: already done, skipped
EPIC-02 · wave 2
  ○ STORY-02-02: already done, skipped
EPIC-03 · wave 1
  ○ STORY-03-01: already done, skipped
EPIC-03 · wave 2
STORY-03-02: DONE
  [attempt 1] ok
EPIC-04 · wave 1
STORY-04-01: DONE
  [attempt 1] gate failed
    ✅ evidence matches candidate
    ✅ guard ran
    ✅ test
    ✅ no baseline regression
    ✅ lint
    ✅ write scope
    – mockup map — story has no UI
    ✅ real tests
    ✅ criteria have tests
    ○ coverage — runner did not print coverage — add `--coverage` (vitest/c8) or `--cov` (pytest) to the test command
    ✗ TDD — tests green on first run — not proven to verify anything (tests/test_cli_exit_codes.py). Write tests first, run them through the recorded tool, see them fail, then write code — a run the harness did not record cannot prove anything.
    ✗ tests verify story — tests verify nothing — still green without story code (parent SHA 187924f): tests/test_cli_exit_codes.py::CliSubcommandTests::test_AC_STORY_04_01_4_repair_tail_clean_chain_is_byte_identical
    ✅ security
    ✅ review
    ✅ preservation — 10 behaviours of other stories still green
  [attempt 2] ok
EPIC-04 · wave 2
STORY-04-02: NOT DONE
  [attempt 1] gate failed
    ✅ evidence matches candidate
    ✅ guard ran
    ✅ test
    ✅ no baseline regression
    ✅ lint
    ✅ write scope
    – mockup map — story has no UI
    ✅ real tests
    ✅ criteria have tests
    ○ coverage — runner did not print coverage — add `--coverage` (vitest/c8) or `--cov` (pytest) to the test command
    ✗ TDD — tests green on first run — not proven to verify anything (tests/test_cli_exit_codes.py). Write tests first, run them through the recorded tool, see them fail, then write code — a run the harness did not record cannot prove anything.
    ✗ tests verify story — tests verify nothing — still green without story code (parent SHA 1367d6d): tests/test_cli_exit_codes.py::CliExitCodeTests::test_AC_STORY_04_02_1_wrong_positional_args_exit_2_stdout_empty
    ✅ security
    ✅ review
    ✅ preservation — 15 behaviours of other stories still green
  [attempt 2] gate failed
    ✅ evidence matches candidate
    ✅ guard ran
    ✅ test
    ✅ no baseline regression
    ✅ lint
    ✅ write scope
    – mockup map — story has no UI
    ✅ real tests
    ✅ criteria have tests
    ○ coverage — runner did not print coverage — add `--coverage` (vitest/c8) or `--cov` (pytest) to the test command
    ✅ TDD — no red run recorded, but the nop control proves the same thing directly — 6 tests with criteria codes proven red at parent SHA 1367d6d: 6 executed red, 0 unable to import code this story introduces
    ✅ tests verify story — 6 tests with criteria codes proven red at parent SHA 1367d6d: 6 executed red, 0 unable to import code this story introduces
    ✅ security
    ✗ review — 1 blocking items: [block] ledgerlock/cli.py:66 — verify on a ledger line corrupted to non-JSON exits 2 (JSONDecodeError -> ValueError -> 2) instead of 5, violating FR-12 'verify on a corrupted ledger exits 5'; AC-STORY
    ✅ preservation — 15 behaviours of other stories still green
  [attempt 3] gate failed
    ✅ evidence matches candidate
    ✅ guard ran
    ✅ test
    ✅ no baseline regression
    ✅ lint
    ✅ write scope
    – mockup map — story has no UI
    ✅ real tests
    ✅ criteria have tests
    ○ coverage — runner did not print coverage — add `--coverage` (vitest/c8) or `--cov` (pytest) to the test command
    ✅ TDD — no red run recorded, but the nop control proves the same thing directly — 7 tests with criteria codes proven red at parent SHA 1367d6d: 7 executed red, 0 unable to import code this story introduces
    ✅ tests verify story — 7 tests with criteria codes proven red at parent SHA 1367d6d: 7 executed red, 0 unable to import code this story introduces
    ✅ security
    ✗ review — 2 blocking items: [block] ledgerlock/cli.py:68 — verify on a line mutated to valid-JSON-wrong-type (e.g. [1,2,3]) raises TypeError/ValueError from line_hash's dict(line), which _exit_for maps to 2 instead of 5; AC-STOR
    ✅ preservation — 15 behaviours of other stories still green
  ✗ tried 3 attempts, still did not pass gate

⏸ stopped at EPIC-04 · wave 2
