[2026-09-15 20:00:37] pipeline START client=opencode
[2026-09-15 20:00:37] phase=project-context START timeout=1800s
[2026-09-15 20:01:24] phase=project-context OK $0.00 status=ok
[2026-09-15 20:01:24] phase=prd START timeout=1800s
[2026-09-15 20:03:42] phase=prd OK $0.00 status=complete
[2026-09-15 20:03:42] phase=architecture START timeout=1800s
[2026-09-15 20:09:08] phase=architecture OK $0.00 status=complete
[2026-09-15 20:09:08] phase=ux START timeout=1800s
[2026-09-15 20:10:41] pipeline START client=opencode
[2026-09-15 20:10:41] phase=project-context SKIP (artifacts exist)
[2026-09-15 20:10:41] phase=prd SKIP (artifacts exist)
[2026-09-15 20:10:41] phase=architecture SKIP (artifacts exist)
[2026-09-15 20:10:41] phase=ux START timeout=1800s
[2026-09-15 20:11:41] phase=ux OK $0.00 status=complete
[2026-09-15 20:11:41] phase=epics START timeout=1800s
[2026-09-15 20:17:10] phase=epics OK $0.00 status=ok
[2026-09-15 20:17:10] phase=split attempt=1 GATE-FAIL stories=17 stories whose criteria describe a placeholder: STORY-02-01: no-op; STORY-04-02: no-op — scaffolding is not behaviour. Verified into the ledger it makes preservation block the story that replaces it, and its blanket failure answers later error-path criteria so their tests cannot be red at the branch point. Fold the scaffolding into the first story that delivers real behaviour through it
[2026-09-15 20:17:10] phase=epics START timeout=1800s
[2026-09-15 20:21:41] phase=epics OK $0.00 status=ok
[2026-09-15 20:21:41] phase=split attempt=2 GATE-FAIL stories=13 stories whose criteria describe a placeholder: STORY-01-03: no-op; STORY-01-04: no-op — scaffolding is not behaviour. Verified into the ledger it makes preservation block the story that replaces it, and its blanket failure answers later error-path criteria so their tests cannot be red at the branch point. Fold the scaffolding into the first story that delivers real behaviour through it
[2026-09-15 20:21:41] phase=epics START timeout=1800s
[2026-09-15 20:24:32] phase=epics OK $0.00 status=ok
[2026-09-15 20:24:32] phase=split attempt=3 GATE-FAIL stories=13 stories whose criteria describe a placeholder: STORY-01-02: no-op; STORY-01-04: no-op — scaffolding is not behaviour. Verified into the ledger it makes preservation block the story that replaces it, and its blanket failure answers later error-path criteria so their tests cannot be red at the branch point. Fold the scaffolding into the first story that delivers real behaviour through it; stories with two criteria that are the same criterion: STORY-01-01: criteria 13, 16; criteria 15, 18; STORY-01-03: criteria 13, 16; STORY-01-04: criteria 7, 10; criteria 16, 19; criteria 18, 27; STORY-02-01: criteria 2, 5, 8; criteria 3, 6; STORY-02-02: criteria 5, 8, 14; STORY-03-01: criteria 5, 8, 11; STORY-03-02: criteria 2, 5, 8, 11; STORY-04-02: criteria 2, 5, 17, 20; STORY-05-01: criteria 4, 7; STORY-05-02: criteria 7, 10, 13; criteria 9, 12, 15; STORY-05-03: criteria 1, 4; criteria 2, 5 — a criterion's stable identity is the fingerprint of its text, so duplicates share one identity: reordering them is undetectable and a test named after either proves both. Merge them, or state what actually differs; STORY-01-01 has 18 acceptance criteria, exceeding limit 8 — split it, an oversized story will overflow context in a single session; STORY-01-02 has 18 acceptance criteria, exceeding limit 8 — split it, an oversized story will overflow context in a single session; STORY-01-03 has 24 acceptance criteria, exceeding limit 8 — split it, an oversized story will overflow context in a single session; STORY-01-04 has 27 acceptance criteria, exceeding limit 8 — split it, an oversized story will overflow context in a single session; STORY-02-01 has 16 acceptance criteria, exceeding limit 8 — split it, an oversized story will overflow context in a single session; STORY-02-02 has 15 acceptance criteria, exceeding limit 8 — split it, an oversized story will overflow context in a single session; STORY-03-01 has 18 acceptance criteria, exceeding limit 8 — split it, an oversized story will overflow context in a single session; STORY-03-02 has 12 acceptance criteria, exceeding limit 8 — split it, an oversized story will overflow context in a single session; STORY-04-01 has 12 acceptance criteria, exceeding limit 8 — split it, an oversized story will overflow context in a single session; STORY-04-02 has 24 acceptance criteria, exceeding limit 8 — split it, an oversized story will overflow context in a single session; STORY-05-01 has 9 acceptance criteria, exceeding limit 8 — split it, an oversized story will overflow context in a single session; STORY-05-02 has 15 acceptance criteria, exceeding limit 8 — split it, an oversized story will overflow context in a single session; STORY-05-03 has 9 acceptance criteria, exceeding limit 8 — split it, an oversized story will overflow context in a single session; STORY_NOT_EXECUTABLE STORY-01-01: size — size score 23 = acceptance 18×1 = 18 + write_scope 8×0.5 = 4 (`ledgerlock/__init__.py`, `ledgerlock/__main__.py`, `ledgerlock/format.py`, `ledgerlock/cli.py`…) + fan_in 1×1 = 1 exceeds `story.max_complexity` = 16. split by acceptance criteria group — first story keeps AC 1–9, next story keeps AC 10–18; divide `write_scope` to match the two groups (8 paths); STORY_NOT_EXECUTABLE STORY-01-02: size — size score 20 = acceptance 18×1 = 18 + write_scope 2×0.5 = 1 (`ledgerlock/format.py`, `tests/test_format.py`) + fan_in 1×1 = 1 exceeds `story.max_complexity` = 16. split by acceptance criteria group — first story keeps AC 1–9, next story keeps AC 10–18; divide `write_scope` to match the two groups (2 paths); STORY_NOT_EXECUTABLE STORY-01-03: size — size score 28 = acceptance 24×1 = 24 + write_scope 6×0.5 = 3 (`ledgerlock/ledger.py`, `ledgerlock/store.py`, `ledgerlock/__init__.py`, `tests/test_ledger.py`…) + fan_in 1×1 = 1 exceeds `story.max_complexity` = 16. split by acceptance criteria group — first story keeps AC 1–12, next story keeps AC 13–24; divide `write_scope` to match the two groups (6 paths); STORY_NOT_EXECUTABLE STORY-01-04: size — size score 29.5 = acceptance 27×1 = 27 + write_scope 3×0.5 = 1.5 (`ledgerlock/ledger.py`, `tests/test_ledger.py`, `tests/test_conflict.py`) + fan_in 1×1 = 1 exceeds `story.max_complexity` = 16. split by acceptance criteria group — first story keeps AC 1–14, next story keeps AC 15–27; divide `write_scope` to match the two groups (3 paths); STORY_NOT_EXECUTABLE STORY-02-01: size — size score 20 = acceptance 16×1 = 16 + write_scope 4×0.5 = 2 (`ledgerlock/ledger.py`, `ledgerlock/store.py`, `tests/test_ledger.py`, `tests/test_verify_independent.py`) + fan_in 2×1 = 2 exceeds `story.max_complexity` = 16. split by acceptance criteria group — first story keeps AC 1–8, next story keeps AC 9–16; divide `write_scope` to match the two groups (4 paths); STORY_NOT_EXECUTABLE STORY-02-02: size — size score 16.5 = acceptance 15×1 = 15 + write_scope 3×0.5 = 1.5 (`ledgerlock/ledger.py`, `tests/test_ledger.py`, `tests/test_snapshot_determinism.py`) exceeds `story.max_complexity` = 16. split by acceptance criteria group — first story keeps AC 1–8, next story keeps AC 9–15; divide `write_scope` to match the two groups (3 paths); STORY_NOT_EXECUTABLE STORY-03-01: size — size score 22 = acceptance 18×1 = 18 + write_scope 4×0.5 = 2 (`ledgerlock/ledger.py`, `ledgerlock/store.py`, `tests/test_ledger.py`, `tests/test_atomic_batch.py`) + fan_in 2×1 = 2 exceeds `story.max_complexity` = 16. split by acceptance criteria group — first story keeps AC 1–9, next story keeps AC 10–18; divide `write_scope` to match the two groups (4 paths); STORY_NOT_EXECUTABLE STORY-04-02: size — size score 25 = acceptance 24×1 = 24 + write_scope 2×0.5 = 1 (`ledgerlock/cli.py`, `tests/test_cli_exit_codes.py`) exceeds `story.max_complexity` = 16. split by acceptance criteria group — first story keeps AC 1–12, next story keeps AC 13–24; divide `write_scope` to match the two groups (2 paths)
[2026-09-15 20:27:08] pipeline START client=opencode
[2026-09-15 20:27:08] phase=project-context SKIP (artifacts exist)
[2026-09-15 20:27:08] phase=prd SKIP (artifacts exist)
[2026-09-15 20:27:08] phase=architecture SKIP (artifacts exist)
[2026-09-15 20:27:08] phase=ux SKIP (artifacts exist)
[2026-09-15 20:27:08] phase=epics SKIP (artifacts exist)
[2026-09-15 20:27:08] phase=split attempt=1 OK stories=16
[2026-09-15 20:27:08] pipeline DONE $0.00
[2026-09-15 20:28:15] mockup START screens=all force=False
[2026-09-15 20:28:15] mockup screens_found=5
[2026-09-15 20:28:15] mockup screen=verify agent START
[2026-09-15 20:28:43] mockup screen=verify OK $0.00
[2026-09-15 20:28:43] mockup screen=snapshot agent START
[2026-09-15 20:29:11] mockup screen=snapshot OK $0.00
[2026-09-15 20:29:11] mockup screen=apply agent START
[2026-09-15 20:30:00] mockup screen=apply OK $0.00
[2026-09-15 20:30:00] mockup screen=repair-tail agent START
[2026-09-15 20:30:33] mockup screen=repair-tail OK $0.00
[2026-09-15 20:30:33] mockup screen=help-version agent START
[2026-09-15 20:31:20] mockup screen=help-version OK $0.00
[2026-09-15 20:31:22] mockup DONE generated=5 skipped=0 failed=0 $0.00
[2026-09-17 14:00:35] sprint START client=opencode epics=all parallel=True isolate=True
[2026-09-17 14:00:37] sprint ERROR verification tools missing where they will run — `tools.sast` = `bandit -q -r .` — MISSING in aisef-verify-python:b2c7afff2aed: exit 127 — fix the environment (`aisef doctor`) before paying for a session (D-028)
