Traceback (most recent call last):
  File "/Users/nghinh/Downloads/projects/ai-sdlc/tests/hardening/differential.py", line 363, in run_many
    for part in ex.map(_worker, chunks):
                ~~~~~~^^^^^^^^^^^^^^^^^
  File "/Users/nghinh/.local/share/uv/python/cpython-3.13.12-macos-aarch64-none/lib/python3.13/concurrent/futures/process.py", line 617, in _chain_from_iterable_of_lists
    for element in iterable:
                   ^^^^^^^^
  File "/Users/nghinh/.local/share/uv/python/cpython-3.13.12-macos-aarch64-none/lib/python3.13/concurrent/futures/_base.py", line 619, in result_iterator
    yield _result_or_cancel(fs.pop())
          ~~~~~~~~~~~~~~~~~^^^^^^^^^^
  File "/Users/nghinh/.local/share/uv/python/cpython-3.13.12-macos-aarch64-none/lib/python3.13/concurrent/futures/_base.py", line 317, in _result_or_cancel
    return fut.result(timeout)
           ~~~~~~~~~~^^^^^^^^^
  File "/Users/nghinh/.local/share/uv/python/cpython-3.13.12-macos-aarch64-none/lib/python3.13/concurrent/futures/_base.py", line 451, in result
    self._condition.wait(timeout)
    ~~~~~~~~~~~~~~~~~~~~^^^^^^^^^
  File "/Users/nghinh/.local/share/uv/python/cpython-3.13.12-macos-aarch64-none/lib/python3.13/threading.py", line 359, in wait
    waiter.acquire()
    ~~~~~~~~~~~~~~^^
KeyboardInterrupt

During handling of the above exception, another exception occurred:

Traceback (most recent call last):
  File "<frozen runpy>", line 198, in _run_module_as_main
  File "<frozen runpy>", line 88, in _run_code
  File "/Users/nghinh/Downloads/projects/ai-sdlc/tests/hardening/differential.py", line 458, in <module>
    sys.exit(main())
             ~~~~^^
  File "/Users/nghinh/Downloads/projects/ai-sdlc/tests/hardening/differential.py", line 436, in main
    res = run_many(a.traces, a.workers, a.start)
  File "/Users/nghinh/Downloads/projects/ai-sdlc/tests/hardening/differential.py", line 362, in run_many
    with ProcessPoolExecutor(max_workers=workers) as ex:
         ~~~~~~~~~~~~~~~~~~~^^^^^^^^^^^^^^^^^^^^^
  File "/Users/nghinh/.local/share/uv/python/cpython-3.13.12-macos-aarch64-none/lib/python3.13/concurrent/futures/_base.py", line 647, in __exit__
    self.shutdown(wait=True)
    ~~~~~~~~~~~~~^^^^^^^^^^^
  File "/Users/nghinh/.local/share/uv/python/cpython-3.13.12-macos-aarch64-none/lib/python3.13/concurrent/futures/process.py", line 851, in shutdown
    self._executor_manager_thread.join()
    ~~~~~~~~~~~~~~~~~~~~~~~~~~~~~~~~~~^^
  File "/Users/nghinh/.local/share/uv/python/cpython-3.13.12-macos-aarch64-none/lib/python3.13/threading.py", line 1095, in join
    self._handle.join(timeout)
    ~~~~~~~~~~~~~~~~~^^^^^^^^^
KeyboardInterrupt
/Users/nghinh/.local/share/uv/python/cpython-3.13.12-macos-aarch64-none/lib/python3.13/multiprocessing/resource_tracker.py:400: UserWarning: resource_tracker: There appear to be 5 leaked semaphore objects to clean up at shutdown: {'/mp-tqucetwh', '/mp-8ubvjre4', '/mp-58lfm0ed', '/mp-m5r3fleg', '/mp-fu864pqr'}
  warnings.warn(
