EPIC-01 · wave 1
  ○ STORY-01-01: already done, skipped
EPIC-01 · wave 2
  ○ STORY-01-02: already done, skipped
EPIC-01 · wave 3
  ○ STORY-01-03: already done, skipped
EPIC-01 · wave 4
STORY-01-04: DONE
  [attempt 1] gate failed
    ✅ evidence matches candidate
    ✅ guard ran
    ✅ test
    ✅ no baseline regression
    ✅ lint
    ✅ write scope
    – mockup map — story has no UI
    ✅ real tests
    ✅ criteria have tests
    ○ coverage — runner did not print coverage — add `--coverage` (vitest/c8) or `--cov` (pytest) to the test command
    ✅ TDD — no red run recorded, but the nop control proves the same thing directly — 6 tests with criteria codes proven red at parent SHA 4010e8c: 6 executed red, 0 unable to import code this story introduces
    ✅ tests verify story — 6 tests with criteria codes proven red at parent SHA 4010e8c: 6 executed red, 0 unable to import code this story introduces
    ✅ security
    ✗ review — 1 blocking items: [block] tests/test_store.py:97 — AC-STORY-01-04-6 test asserts only `siblings == []` after write_atomic returns, which holds whether the temp file was created in target_dir or in the platform temp dir
    – preservation — story does not touch any VERIFIED behaviour of other stories
  [attempt 2] ok
EPIC-01 · wave 5
STORY-01-05: DONE
  [attempt 1] ok
EPIC-01 · wave 6
STORY-01-06: DONE
  [attempt 1] ok
EPIC-02 · wave 1
STORY-02-01: DONE
  [attempt 1] ok
EPIC-02 · wave 2
STORY-02-02: NOT DONE
  [attempt 1] gate failed
    ✅ evidence matches candidate
    ✅ guard ran
    ✗ test — the most recent test run is still failing, the story cannot be finished.
    ✅ no baseline regression
    ✅ lint
    ✅ write scope
    – mockup map — story has no UI
    ✅ real tests
    ✗ criteria have tests — no green test run yet
    ○ coverage — no green test run to measure
    ✅ TDD — no red run recorded, but the nop control proves the same thing directly — 3 tests with criteria codes proven red at parent SHA 0a5c196: 3 executed red, 0 unable to import code this story introduces
    ✅ tests verify story — 3 tests with criteria codes proven red at parent SHA 0a5c196: 3 executed red, 0 unable to import code this story introduces
    ✅ security
    ✗ review — 1 blocking items: [block] tests/test_snapshot_determinism.py:44 — AC-2 test errors before reaching ledger.snapshot() because the second append (delete with rid=r2 after a put with rid=r1) raises ConflictError per requi
    ✅ preservation — 20 behaviours of other stories still green
  [attempt 2] gate failed
    ✅ evidence matches candidate
    ✅ guard ran
    ✅ test
    ✅ no baseline regression
    ✅ lint
    ✅ write scope
    – mockup map — story has no UI
    ✅ real tests
    ✅ criteria have tests
    ○ coverage — runner did not print coverage — add `--coverage` (vitest/c8) or `--cov` (pytest) to the test command
    ✅ TDD — no red run recorded, but the nop control proves the same thing directly — 4 tests with criteria codes proven red at parent SHA 0a5c196: 4 executed red, 0 unable to import code this story introduces
    ✅ tests verify story — 4 tests with criteria codes proven red at parent SHA 0a5c196: 4 executed red, 0 unable to import code this story introduces
    ✅ security
    ✗ review — 1 blocking items: [stuck] tests/test_snapshot_determinism.py:37 — AC-2 requires put(k,r1) then delete(k,r2) — different rids. §4.5 (docs/requirements.md:88) mandates ConflictError on different-rid mutation of the same 
    ✅ preservation — 20 behaviours of other stories still green
  ✗ deadlock due to plan, reviewer verified: [stuck] tests/test_snapshot_determinism.py:37 — AC-2 requires put(k,r1) then delete(k,r2) — different rids. §4.5 (docs/requirements.md:88) mandates ConflictError on different-rid mutation of the same key. So the AC's scenario cannot be reproduced: ConflictError aborts before snapshot() runs, or no abort means §4.5 is violated. Author rewrote the test to delete a never-put key, sidestepping both §4.5 and the AC's scenario. Test is green but does not exercise AC-2.. Fix the acceptance criteria or the story's write_scope, then re-run — retrying will not resolve this.

⏸ stopped at EPIC-02 · wave 2
