I001 [*] Import block is un-sorted or un-formatted
 --> tests/test_ledger.py:1:1
  |
1 | / import json
2 | | import tempfile
3 | | import unittest
4 | | from pathlib import Path
5 | |
6 | | from ledgerlock import Ledger
7 | | from ledgerlock import format
  | |_____________________________^
help: Organize imports
  |
5 |
  - from ledgerlock import Ledger
  - from ledgerlock import format
6 + from ledgerlock import Ledger, format
7 |
  |

F841 Local variable `reader` is assigned to but never used
  --> tests/test_ledger.py:73:13
   |
71 |             writer = Ledger(path)
72 |             writer.append(("put", "k", {"v": 1}, "r1", 100))
73 |             reader = Ledger(path)
   |             ^^^^^^
74 |             raw = path.read_bytes()
75 |             self.assertTrue(raw.endswith(b"\n"))
   |
help: Remove assignment to unused variable `reader`

Found 2 errors.
[*] 1 fixable with the `--fix` option (1 hidden fix can be enabled with the `--unsafe-fixes` option).
