RUF022 [*] `__all__` is not sorted
 --> ledgerlock/__init__.py:5:11
  |
3 | from ledgerlock.format import normalize_key
4 |
5 | __all__ = ["Ledger", "ConflictError", "normalize_key"]
  |           ^^^^^^^^^^^^^^^^^^^^^^^^^^^^^^^^^^^^^^^^^^^^
help: Apply an isort-style sorting to `__all__`
  |
4 |
  - __all__ = ["Ledger", "ConflictError", "normalize_key"]
5 + __all__ = ["ConflictError", "Ledger", "normalize_key"]
6 |
  |

PLW1510 `subprocess.run` without explicit `check` argument
  --> tests/test_skeleton.py:21:18
   |
20 |     def test_AC_STORY_01_01_4_cli_help_lists_subcommands(self):
21 |         result = subprocess.run(
   |                  ^^^^^^^^^^^^^^
22 |             [sys.executable, "-m", "ledgerlock", "--help"],
23 |             cwd=str(ROOT),
   |
help: Add explicit `check=False`

Found 2 errors.
[*] 1 fixable with the `--fix` option.
