↺ STORY-01-04: undo — incomplete run at `status.running`, cleaned up and back to pending
EPIC-01 · wave 1
  ○ STORY-01-01: already done, skipped
EPIC-01 · wave 2
  ○ STORY-01-02: already done, skipped
EPIC-01 · wave 3
  ○ STORY-01-03: already done, skipped
EPIC-01 · wave 4
STORY-01-04: DONE
  [attempt 1] ok
EPIC-01 · wave 5
STORY-01-05: DONE
  [attempt 1] gate failed
    ✅ evidence matches candidate
    ✅ guard ran
    ✅ test
    ✅ no baseline regression
    ✅ lint
    ✅ write scope
    – mockup map — story has no UI
    ✅ real tests
    ✅ criteria have tests
    ○ coverage — runner did not print coverage — add `--coverage` (vitest/c8) or `--cov` (pytest) to the test command
    ✅ TDD — no red run recorded, but the nop control proves the same thing directly — 5 tests with criteria codes proven red at parent SHA a4dd4d1: 5 executed red, 0 unable to import code this story introduces
    ✅ tests verify story — 5 tests with criteria codes proven red at parent SHA a4dd4d1: 5 executed red, 0 unable to import code this story introduces
    ✅ security
    ✗ review — 1 blocking items: [block] ledgerlock/ledger.py:18 — append reads the tail hash and writes the new line without any shared lock, so concurrent appenders can both commit lines with the same prev_hash
    ✅ preservation — 10 behaviours of other stories still green
  [attempt 2] gate failed
    ✅ evidence matches candidate
    ✅ guard ran
    ✅ test
    ✅ no baseline regression
    ✅ lint
    ✅ write scope
    – mockup map — story has no UI
    ✅ real tests
    ✅ criteria have tests
    ○ coverage — runner did not print coverage — add `--coverage` (vitest/c8) or `--cov` (pytest) to the test command
    ✅ TDD — no red run recorded, but the nop control proves the same thing directly — 6 tests with criteria codes proven red at parent SHA a4dd4d1: 6 executed red, 0 unable to import code this story introduces
    ✅ tests verify story — 6 tests with criteria codes proven red at parent SHA a4dd4d1: 6 executed red, 0 unable to import code this story introduces
    ✅ security
    ✗ review — 1 blocking items: [block] ledgerlock/ledger.py:20 — fcntl.flock does not serialize concurrent append calls from different threads in the same process, so they can still read the same tail hash and commit two lines with
    ✅ preservation — 10 behaviours of other stories still green
  [attempt 3] ok
EPIC-01 · wave 6
STORY-01-06: DONE
  [attempt 1] ok
EPIC-02 · wave 1
STORY-02-01: DONE
  [attempt 1] gate failed
    ✅ evidence matches candidate
    ✅ guard ran
    ✅ test
    ✅ no baseline regression
    ✅ lint
    ✅ write scope
    – mockup map — story has no UI
    ✅ real tests
    ✅ criteria have tests
    ○ coverage — runner did not print coverage — add `--coverage` (vitest/c8) or `--cov` (pytest) to the test command
    ✅ TDD — no red run recorded, but the nop control proves the same thing directly — 5 tests with criteria codes proven red at parent SHA 7b3d10e: 5 executed red, 0 unable to import code this story introduces
    ✅ tests verify story — 5 tests with criteria codes proven red at parent SHA 7b3d10e: 5 executed red, 0 unable to import code this story introduces
    ○ e2e — not configured — does not count as passed
    ✅ security
    ✗ review — 2 blocking items: [block] ledgerlock/ledger.py:53 — verify() can pass an out-of-band byte mutation that rewrites a committed line into non-canonical but semantically identical JSON
    ✅ preservation — 13 behaviours of other stories still green
  [attempt 2] gate failed
    ✅ evidence matches candidate
    ✅ guard ran
    ✅ test
    ✅ no baseline regression
    ✅ lint
    ✅ write scope
    – mockup map — story has no UI
    ✅ real tests
    ✅ criteria have tests
    ○ coverage — runner did not print coverage — add `--coverage` (vitest/c8) or `--cov` (pytest) to the test command
    ✅ TDD — no red run recorded, but the nop control proves the same thing directly — 7 tests with criteria codes proven red at parent SHA 7b3d10e: 7 executed red, 0 unable to import code this story introduces
    ✅ tests verify story — 7 tests with criteria codes proven red at parent SHA 7b3d10e: 7 executed red, 0 unable to import code this story introduces
    ○ e2e — not configured — does not count as passed
    ✅ security
    ✗ review — 1 blocking items: [block] ledgerlock/ledger.py:58 — verify() raises for syntactically valid JSONL lines that are not ledger objects instead of returning the first bad line verdict
    ✅ preservation — 13 behaviours of other stories still green
  [attempt 3] ok
EPIC-02 · wave 2
STORY-02-02: NOT DONE
  [infra] exceeded 1800s
  [infra] exceeded 1800s
  [infra] exceeded 1800s
  ✗ recurring infrastructure error: exceeded 1800s

⏸ stopped at EPIC-02 · wave 2
