aisef2/orchestrate/adapters.py::Implemented.__post_init__: 27/27 killed; survivors []
aisef2/orchestrate/adapters.py::Finding.blocks: 2/2 killed; survivors []
aisef2/orchestrate/adapters.py::ReadOnlyScope.read: 1/1 killed; survivors []
aisef2/orchestrate/adapters.py::ReadOnlyScope.files: 8/8 killed; survivors []
aisef2/orchestrate/adapters.py::confine: 9/9 killed; survivors []
aisef2/orchestrate/adapters.py::unconfine: 5/5 killed; survivors []
aisef2/orchestrate/adapters.py::Merge.__post_init__: 6/6 killed; survivors []
aisef2/probe/cli_invocation.py::_is_int: 3/3 killed; survivors []
aisef2/probe/cli_invocation.py::_content_ok: 28/28 killed; survivors []
aisef2/probe/cli_invocation.py::_bytes_of: 11/11 killed; survivors []
aisef2/probe/cli_invocation.py::_name_ok: 3/3 killed; survivors []
aisef2/probe/cli_invocation.py::_ws_key_ok: 3/3 killed; survivors []
aisef2/probe/cli_invocation.py::_argv_ok: 2/2 killed; survivors []
aisef2/probe/cli_invocation.py::_stimulus_ok: 37/37 killed; survivors []
aisef2/probe/cli_invocation.py::_stream_shape_ok: 41/41 killed; survivors []
aisef2/probe/cli_invocation.py::_file_shape_ok: 35/35 killed; survivors []
aisef2/probe/cli_invocation.py::observation_class: 55/55 killed; survivors []
aisef2/probe/cli_invocation.py::spec_class: 13/13 killed; survivors []
aisef2/probe/cli_invocation.py::_sha_file: 12/12 killed; survivors []
aisef2/probe/cli_invocation.py::_stream_fact: 11/11 killed; survivors []
aisef2/probe/cli_invocation.py::_file_fact: 7/7 killed; survivors []
aisef2/probe/cli_invocation.py::_stream_bytes: 7/7 killed; survivors []
aisef2/probe/cli_invocation.py::_stream_matches: 38/38 killed; survivors []
aisef2/probe/cli_invocation.py::_file_matches: 31/31 killed; survivors []
aisef2/probe/cli_invocation.py::verdict_of: 44/44 killed; survivors []
aisef2/probe/cli_invocation.py::_ws_name: 1/1 killed; survivors []
aisef2/probe/cli_invocation.py::_substitute: 8/8 killed; survivors []
aisef2/probe/cli_invocation.py::_public: 16/16 killed; survivors []
aisef2/probe/cli_invocation.py::_child_env: 26/26 killed; survivors []
aisef2/probe/cli_invocation.py::_protocol: 14/14 killed; survivors []
aisef2/probe/cli_invocation.py::_prepare: 75/77 killed; survivors ['L1060 dict entry 18 dropped', "L1065 string 'window' emptied"]
aisef2/probe/cli_invocation.py::CLASSES: 5/5 killed; survivors []
aisef2/probe/cli_invocation.py::ON_DEADLINE: 15/15 killed; survivors []
aisef2/probe/cli_invocation.py::STREAM_SHAPES: 5/5 killed; survivors []
aisef2/probe/cli_invocation.py::FILE_SHAPES: 4/4 killed; survivors []
aisef2/probe/cli_invocation.py::CliInvocationProbe.enforcement: 3/3 killed; survivors []
aisef2/probe/cli_invocation.py::CliInvocationProbe.harness_preconditions: 9/9 killed; survivors []
aisef2/probe/cli_invocation.py::_normalization_ok: 15/15 killed; survivors []
aisef2/probe/cli_invocation.py::_equality_ok: 24/24 killed; survivors []
aisef2/probe/cli_invocation.py::_streams_ok: 6/6 killed; survivors []
aisef2/probe/cli_invocation.py::_normalize: 7/7 killed; survivors []
aisef2/probe/cli_invocation.py::_equal: 11/11 killed; survivors []
aisef2/probe/cli_invocation.py::_half_ok: 6/6 killed; survivors []
aisef2/probe/cli_invocation.py::_equality_verdict: 28/28 killed; survivors []
aisef2/probe/cli_invocation.py::CLASS_TABLE: 212/212 killed; survivors []
aisef2/probe/cli_invocation.py::QUANTIFIERS: 3/3 killed; survivors []
aisef2/probe/cli_invocation.py::COMPARATORS: 2/2 killed; survivors []
aisef2/probe/cli_invocation.py::PROBE_SOURCES: 3/3 killed; survivors []
aisef2/probe/cli_invocation.py::_probe_digest: 1/1 killed; survivors []
aisef2/probe/cli_invocation.py::_await: 22/22 killed; survivors []
aisef2/probe/cli_invocation.py::CliInvocationProbe.__init__: 4/4 killed; survivors []
