aisef2/orchestrate/workspace.py::_NO_BACKGROUND_GIT: 11/11 killed; survivors []
aisef2/orchestrate/workspace.py::git: 12/22 killed; survivors ['L69 element 0 dropped', 'L69 element 1 dropped', 'L69 element 2 dropped', 'L69 element 3 dropped', "L69 string 'git' emptied", "L69 string '-C' emptied", "L70 string 'refused: the repository configuration at ' emptied", "L70 string ' names ' emptied", "L70 string ' (not inert)' emptied", "L70 string ', ' emptied"]
aisef2/orchestrate/workspace.py::_sha: 13/13 killed; survivors []
aisef2/orchestrate/workspace.py::Scratch.__init__: 6/6 killed; survivors []
aisef2/orchestrate/workspace.py::Scratch.release: 3/3 killed; survivors []
aisef2/orchestrate/workspace.py::Checkout.__init__: 10/10 killed; survivors []
aisef2/orchestrate/workspace.py::Checkout.release: 8/8 killed; survivors []
aisef2/orchestrate/workspace.py::GitWorkspace.scratch: 4/4 killed; survivors []
aisef2/orchestrate/workspace.py::GitWorkspace.checkout: 16/16 killed; survivors []
aisef2/orchestrate/workspace.py::GitWorkspace.move: 22/26 killed; survivors ["L146 string 'checkout ' emptied", "L153 string 'checkout ' emptied", "L153 string ' at ' emptied", "L153 string ': git clean exited ' emptied"]
aisef2/orchestrate/workspace.py::GitWorkspace.diff: 9/9 killed; survivors []
aisef2/orchestrate/workspace.py::GitMerger.base: 1/1 killed; survivors []
aisef2/orchestrate/workspace.py::GitMerger.merge: 46/46 killed; survivors []
aisef2/orchestrate/workspace.py::GitMerger.revert: 15/15 killed; survivors []
aisef2/orchestrate/workspace.py::commit_all: 19/19 killed; survivors []
aisef2/orchestrate/workspace.py::_env: 6/6 killed; survivors []
aisef2/orchestrate/workspace.py::config_problems: 31/34 killed; survivors ['L58 returns None', 'L61 sorted() -> list()', "L59 string 'replace' emptied"]
aisef2/probe/process_effect.py::CLASSES: 3/3 killed; survivors []
aisef2/probe/process_effect.py::ON_DEADLINE: 9/9 killed; survivors []
aisef2/probe/process_effect.py::STEPS: 67/67 killed; survivors []
aisef2/probe/process_effect.py::FAULTS: 28/28 killed; survivors []
aisef2/probe/process_effect.py::FAULTED: 3/3 killed; survivors []
aisef2/probe/process_effect.py::FILE_SHAPES: 6/6 killed; survivors []
aisef2/probe/process_effect.py::CLASS_TABLE: 118/118 killed; survivors []
aisef2/probe/process_effect.py::_CONTENT: 3/3 killed; survivors []
aisef2/probe/process_effect.py::_flat_ok: 3/3 killed; survivors []
aisef2/probe/process_effect.py::_ws_path_ok: 3/3 killed; survivors []
aisef2/probe/process_effect.py::_ident_ok: 3/3 killed; survivors []
aisef2/probe/process_effect.py::_content_of: 2/2 killed; survivors []
aisef2/probe/process_effect.py::_invocation_ok: 10/10 killed; survivors []
aisef2/probe/process_effect.py::_workspace_ok: 6/6 killed; survivors []
aisef2/probe/process_effect.py::_expect_ok: 4/4 killed; survivors []
aisef2/probe/process_effect.py::_write_ok: 7/7 killed; survivors []
aisef2/probe/process_effect.py::_edit_ok: 8/8 killed; survivors []
aisef2/probe/process_effect.py::_subprocess_ok: 8/8 killed; survivors []
aisef2/probe/process_effect.py::_fault_ok: 5/5 killed; survivors []
aisef2/probe/process_effect.py::_SHAPES: 8/8 killed; survivors []
aisef2/probe/process_effect.py::_step_ok: 18/18 killed; survivors []
aisef2/probe/process_effect.py::_scenario_ok: 28/28 killed; survivors []
aisef2/probe/process_effect.py::_FILE_SHAPE_OK: 27/27 killed; survivors []
aisef2/probe/process_effect.py::_file_shape_ok: 11/11 killed; survivors []
aisef2/probe/process_effect.py::observation_class: 74/74 killed; survivors []
aisef2/probe/process_effect.py::spec_class: 13/13 killed; survivors []
aisef2/probe/process_effect.py::_same: 7/7 killed; survivors []
aisef2/probe/process_effect.py::_returns_hold: 28/28 killed; survivors []
aisef2/probe/process_effect.py::_raises_hold: 8/8 killed; survivors []
aisef2/probe/process_effect.py::_identity: 11/11 killed; survivors []
aisef2/probe/process_effect.py::_jsonl_holds: 8/8 killed; survivors []
aisef2/probe/process_effect.py::_FILE_HOLDS: 19/19 killed; survivors []
aisef2/probe/process_effect.py::_files_hold: 15/15 killed; survivors []
aisef2/probe/process_effect.py::_HOLDS: 3/3 killed; survivors []
aisef2/probe/process_effect.py::verdict_of: 9/9 killed; survivors []
aisef2/probe/process_effect.py::_substitute: 14/14 killed; survivors []
aisef2/probe/process_effect.py::_resolved: 31/31 killed; survivors []
aisef2/probe/process_effect.py::_observed_files: 11/11 killed; survivors []
aisef2/probe/process_effect.py::_concluded: 48/53 killed; survivors ["L931 string 'tampered' emptied", 'L932 ObservationKind.OBSERVED->SUBJECT_ABSENT', 'L932 ObservationKind.OBSERVED->SUBJECT_DEADLINE', 'L924 string "the subject\'s process ended by signal " emptied', 'L924 string " after DISPATCHED, and this controller\'s signal ledger is empty: it did not send it" emptied']
aisef2/probe/process_effect.py::PROBE_SOURCES: 4/4 killed; survivors []
aisef2/probe/process_effect.py::_probe_digest: 1/1 killed; survivors []
aisef2/probe/process_effect.py::ProcessEffectProbe.enforcement: 3/3 killed; survivors []
aisef2/probe/process_effect.py::ProcessEffectProbe.harness_preconditions: 11/11 killed; survivors []
aisef2/probe/process_effect.py::_harness_argv: 18/18 killed; survivors []
aisef2/probe/process_effect.py::_prepare: None/[] killed; survivors None ERROR kill tests fail on the unmutated tree (leaked 0)
aisef2/probe/process_effect.py::ProcessEffectProbe.__init__: 4/4 killed; survivors []
aisef2/probe/process_effect.py::ProcessEffectProbe.observe: 54/54 killed; survivors []
aisef2/probe/process_effect.py::ProcessEffectProbe._observe_in: 38/38 killed; survivors []
aisef2/probe/process_effect.py::_watch: 44/44 killed; survivors []
aisef2/probe/process_effect.py::HARNESS/emit: 10/10 killed; survivors []
aisef2/probe/process_effect.py::HARNESS/inside: 4/4 killed; survivors []
aisef2/probe/process_effect.py::HARNESS/resolve: 15/15 killed; survivors []
aisef2/probe/process_effect.py::HARNESS/unws: 10/10 killed; survivors []
aisef2/probe/process_effect.py::HARNESS/same: 7/7 killed; survivors []
aisef2/probe/process_effect.py::HARNESS/row_of: 9/9 killed; survivors []
aisef2/probe/process_effect.py::HARNESS/count_lines: 4/4 killed; survivors []
aisef2/probe/process_effect.py::HARNESS/file_fact: 27/27 killed; survivors []
aisef2/probe/process_effect.py::HARNESS/files_now: 4/4 killed; survivors []
aisef2/probe/process_effect.py::HARNESS/identity: 9/9 killed; survivors []
aisef2/probe/process_effect.py::HARNESS/guarded: 27/27 killed; survivors []
aisef2/probe/process_effect.py::HARNESS/do_workspace: 8/8 killed; survivors []
aisef2/probe/process_effect.py::HARNESS/do_construct: 21/21 killed; survivors []
aisef2/probe/process_effect.py::HARNESS/do_call: 23/23 killed; survivors []
aisef2/probe/process_effect.py::HARNESS/do_expect: 62/62 killed; survivors []
aisef2/probe/process_effect.py::HARNESS/do_write: 16/16 killed; survivors []
aisef2/probe/process_effect.py::HARNESS/do_edit: 52/52 killed; survivors []
aisef2/probe/process_effect.py::HARNESS/do_subprocess: 39/39 killed; survivors []
aisef2/probe/process_effect.py::HARNESS/do_fault: 4/4 killed; survivors []
aisef2/probe/process_effect.py::HARNESS/run: 59/59 killed; survivors []
aisef2/probe/process_effect.py::HARNESS/main: 160/160 killed; survivors []
aisef2/probe/process_effect.py::HARNESS/answer_to: 12/12 killed; survivors []
aisef2/probe/process_effect.py::HARNESS/ask: 4/4 killed; survivors []
aisef2/probe/process_effect.py::HARNESS/finish: 12/12 killed; survivors []
aisef2/probe/process_effect.py::HARNESS/answered: 6/6 killed; survivors []
aisef2/probe/process_effect.py::HARNESS/reported: 26/26 killed; survivors []
aisef2/probe/process_effect.py::HARNESS/subject_call: 38/38 killed; survivors []
aisef2/probe/process_effect.py::HARNESS/unresolved: 16/16 killed; survivors []
aisef2/probe/process_effect.py::HARNESS/ended: 37/37 killed; survivors []
