aisef2/probe/cli_invocation.py::_is_int: 3/3 killed; survivors []
aisef2/probe/cli_invocation.py::_content_ok: 28/28 killed; survivors []
aisef2/probe/cli_invocation.py::_bytes_of: 11/11 killed; survivors []
aisef2/probe/cli_invocation.py::_name_ok: 3/3 killed; survivors []
aisef2/probe/cli_invocation.py::_ws_key_ok: 3/3 killed; survivors []
aisef2/probe/cli_invocation.py::_argv_ok: 2/2 killed; survivors []
aisef2/probe/cli_invocation.py::_stimulus_ok: 37/37 killed; survivors []
aisef2/probe/cli_invocation.py::_stream_shape_ok: 41/41 killed; survivors []
aisef2/probe/cli_invocation.py::_file_shape_ok: 35/35 killed; survivors []
aisef2/probe/cli_invocation.py::observation_class: 55/55 killed; survivors []
aisef2/probe/cli_invocation.py::spec_class: 13/13 killed; survivors []
aisef2/probe/cli_invocation.py::_sha_file: 12/12 killed; survivors []
aisef2/probe/cli_invocation.py::_stream_fact: 11/11 killed; survivors []
aisef2/probe/cli_invocation.py::_file_fact: 7/7 killed; survivors []
aisef2/probe/cli_invocation.py::_stream_bytes: 7/7 killed; survivors []
aisef2/probe/cli_invocation.py::_stream_matches: 38/38 killed; survivors []
aisef2/probe/cli_invocation.py::_file_matches: 31/31 killed; survivors []
aisef2/probe/cli_invocation.py::verdict_of: 44/44 killed; survivors []
aisef2/probe/cli_invocation.py::_ws_name: 1/1 killed; survivors []
aisef2/probe/cli_invocation.py::_substitute: 8/8 killed; survivors []
aisef2/probe/cli_invocation.py::_public: 16/16 killed; survivors []
aisef2/probe/cli_invocation.py::_child_env: 26/26 killed; survivors []
aisef2/probe/cli_invocation.py::_protocol: 14/14 killed; survivors []
aisef2/probe/cli_invocation.py::_prepare: 77/77 killed; survivors []
aisef2/probe/cli_invocation.py::CLASSES: 5/5 killed; survivors []
aisef2/probe/cli_invocation.py::ON_DEADLINE: 15/15 killed; survivors []
aisef2/probe/cli_invocation.py::STREAM_SHAPES: 5/5 killed; survivors []
aisef2/probe/cli_invocation.py::FILE_SHAPES: 4/4 killed; survivors []
aisef2/probe/cli_invocation.py::CliInvocationProbe.enforcement: 3/3 killed; survivors []
aisef2/probe/cli_invocation.py::CliInvocationProbe.harness_preconditions: 9/9 killed; survivors []
aisef2/probe/cli_invocation.py::_normalization_ok: 15/15 killed; survivors []
aisef2/probe/cli_invocation.py::_equality_ok: 24/24 killed; survivors []
aisef2/probe/cli_invocation.py::_streams_ok: 6/6 killed; survivors []
aisef2/probe/cli_invocation.py::_normalize: 7/7 killed; survivors []
aisef2/probe/cli_invocation.py::_equal: 11/11 killed; survivors []
aisef2/probe/cli_invocation.py::_half_ok: 6/6 killed; survivors []
aisef2/probe/cli_invocation.py::_equality_verdict: 28/28 killed; survivors []
aisef2/probe/cli_invocation.py::CLASS_TABLE: 212/212 killed; survivors []
aisef2/probe/cli_invocation.py::QUANTIFIERS: 3/3 killed; survivors []
aisef2/probe/cli_invocation.py::COMPARATORS: 2/2 killed; survivors []
aisef2/probe/cli_invocation.py::PROBE_SOURCES: 3/3 killed; survivors []
aisef2/probe/cli_invocation.py::_probe_digest: 1/1 killed; survivors []
aisef2/probe/cli_invocation.py::_await: 22/22 killed; survivors []
aisef2/probe/cli_invocation.py::CliInvocationProbe.__init__: 4/4 killed; survivors []
aisef2/probe/cli_invocation.py::CliInvocationProbe.observe: 48/48 killed; survivors []
aisef2/probe/cli_invocation.py::CliInvocationProbe._observe: 15/15 killed; survivors []
aisef2/probe/cli_invocation.py::CliInvocationProbe._observe_in: 45/45 killed; survivors []
aisef2/probe/cli_invocation.py::_preflight: 18/18 killed; survivors []
aisef2/probe/cli_invocation.py::_watch: 42/43 killed; survivors ['L1092 element 1 dropped']
aisef2/probe/cli_invocation.py::_harness_failure: 27/27 killed; survivors []
aisef2/probe/cli_invocation.py::_disposed: 3/3 killed; survivors []
aisef2/probe/cli_invocation.py::CliInvocationProbe._observe_equality: 73/73 killed; survivors []
aisef2/probe/cli_invocation.py::_harness_argv: 18/18 killed; survivors []
aisef2/probe/cli_invocation.py::_concluded: 50/62 killed; survivors ['L1133 returns None', 'L1128 element 1 dropped', "L1132 string 'harness_failure' emptied", 'L1133 element 0 dropped', 'L1133 element 1 dropped', "L1137 string 'tampered' emptied", 'L1138 element 1 dropped', 'L1133 ObservationKind.HARNESS_FAILED->UNSUPPORTED', 'L1133 ObservationKind.HARNESS_FAILED->SUBJECT_ABSENT', 'L1133 ObservationKind.HARNESS_FAILED->SUBJECT_DEADLINE', 'L1133 ObservationKind.HARNESS_FAILED->OBSERVED', 'L1133 ObservationKind.HARNESS_FAILED->NON_CONTROLLER_SIGNAL']
aisef2/probe/cli_invocation.py::_no_result: 20/20 killed; survivors []
aisef2/probe/cli_invocation.py::_deadline: 10/10 killed; survivors []
aisef2/probe/cli_invocation.py::_silent: 10/11 killed; survivors ["L1119 string 'g' emptied"]
aisef2/probe/cli_invocation.py::_mac: 3/3 killed; survivors []
aisef2/probe/cli_invocation.py::AGENT/flush: 1/4 killed; survivors ['AGENT L13 element 1 dropped', 'AGENT L16 element 0 dropped', 'AGENT L16 element 1 dropped']
aisef2/probe/cli_invocation.py::AGENT/redirect: 15/15 killed; survivors []
aisef2/probe/cli_invocation.py::AGENT/send: 2/2 killed; survivors []
aisef2/probe/cli_invocation.py::AGENT/tagged: 1/16 killed; survivors ['AGENT L33 condition negated', 'AGENT L35 condition negated', 'AGENT L34 returns None', 'AGENT L36 returns None', 'AGENT L38 returns None', 'AGENT L33 element 0 dropped', 'AGENT L34 dict entry 0 dropped', 'AGENT L36 dict entry 0 dropped', 'AGENT L38 dict entry 0 dropped', 'AGENT L40 returns None', "AGENT L34 string 'bytes_hex' emptied", "AGENT L36 string 'memoryview_hex' emptied", "AGENT L38 string 'json' emptied", 'AGENT L40 dict entry 0 dropped', "AGENT L40 string 'unserializable' emptied"]
aisef2/probe/cli_invocation.py::AGENT/plain: 1/4 killed; survivors ['AGENT L45 element 0 dropped', 'AGENT L45 element 1 dropped', 'AGENT L46 returns None']
aisef2/probe/cli_invocation.py::AGENT/op_import: 1/22 killed; survivors ['AGENT L57 returns None', 'AGENT L57 dict entry 0 dropped', 'AGENT L57 dict entry 1 dropped', 'AGENT L57 dict entry 2 dropped', 'AGENT L52 returns None', 'AGENT L54 returns None', "AGENT L55 string 'module' emptied", "AGENT L57 string 'ok' emptied", "AGENT L57 string 'file' emptied", "AGENT L57 string 'path' emptied", 'AGENT L57 True->False', 'AGENT L52 dict entry 0 dropped', 'AGENT L52 dict entry 1 dropped', 'AGENT L54 dict entry 0 dropped', "AGENT L57 string '__file__' emptied", "AGENT L50 string 'name' emptied", "AGENT L52 string 'raised' emptied", "AGENT L52 string 'missing' emptied", "AGENT L52 string 'ModuleNotFoundError' emptied", "AGENT L54 string 'raised' emptied", 'AGENT L57 Or swapped']
